(5):Case #1: 935
(12):Case #2: 471
(7):Case #3: 903
(4):Case #4: 751
(2):Case #5: 027
(22):Case #6: 528
(13):Case #7: 055
(27):Case #8: -808
(25):Case #9: 137
(6):Case #10: 607
(24):Case #11: 352
(30):Case #12: -808
(8):Case #13: 991
(3):Case #14: 143
(10):Case #15: 047
(18):Case #16: 607
(29):Case #17: -808
(23):Case #18: 744
(20):Case #19: 151
(26):Case #20: 414
(16):Case #21: 991
(21):Case #22: 855
(14):Case #23: 447
(19):Case #24: 263
(11):Case #25: 943
(17):Case #26: 095
(15):Case #27: 463
(28):Case #28: -808
(9):Case #29: 335
